../Core/Src/stm32f3xx_hal_msp.c:66:6:HAL_MspInit	8	static
../Core/Src/stm32f3xx_hal_msp.c:88:6:HAL_CAN_MspInit	40	static
../Core/Src/stm32f3xx_hal_msp.c:124:6:HAL_CAN_MspDeInit	0	static
../Core/Src/stm32f3xx_hal_msp.c:153:6:HAL_TIM_PWM_MspInit	8	static
../Core/Src/stm32f3xx_hal_msp.c:175:6:HAL_TIM_IC_MspInit	40	static
../Core/Src/stm32f3xx_hal_msp.c:210:6:HAL_TIM_Base_MspInit	24	static
../Core/Src/stm32f3xx_hal_msp.c:247:6:HAL_TIM_MspPostInit	48	static
../Core/Src/stm32f3xx_hal_msp.c:310:6:HAL_TIM_PWM_MspDeInit	0	static
../Core/Src/stm32f3xx_hal_msp.c:332:6:HAL_TIM_IC_MspDeInit	0	static
../Core/Src/stm32f3xx_hal_msp.c:360:6:HAL_TIM_Base_MspDeInit	8	static
../Core/Src/stm32f3xx_hal_msp.c:386:6:HAL_UART_MspInit	40	static
../Core/Src/stm32f3xx_hal_msp.c:422:6:HAL_UART_MspDeInit	0	static
