../Core/Src/main.c:93:5:main	24	static
../Core/Src/main.c:165:6:SystemClock_Config	96	static
../Core/Src/main.c:212:13:MX_CAN_Init	8	static
../Core/Src/main.c:249:13:MX_TIM1_Init	96	static
../Core/Src/main.c:323:13:MX_TIM2_Init	56	static
../Core/Src/main.c:387:13:MX_TIM3_Init	64	static
../Core/Src/main.c:446:13:MX_USART1_UART_Init	8	static
../Core/Src/main.c:479:13:MX_DMA_Init	16	static
../Core/Src/main.c:497:13:MX_GPIO_Init	40	static
../Core/Src/main.c:519:6:led_set_RGB	16	static
../Core/Src/main.c:525:6:led_set_all_RGB	24	static
../Core/Src/main.c:529:6:led_render_all	16	static
../Core/Src/main.c:547:6:Error_Handler	4	static,ignoring_inline_asm
