../Core/Src/main.c:101:5:main	24	static
../Core/Src/main.c:178:6:SystemClock_Config	96	static
../Core/Src/main.c:225:13:MX_CAN_Init	8	static
../Core/Src/main.c:262:13:MX_TIM1_Init	96	static
../Core/Src/main.c:336:13:MX_TIM2_Init	56	static
../Core/Src/main.c:400:13:MX_TIM3_Init	64	static
../Core/Src/main.c:459:13:MX_USART1_UART_Init	8	static
../Core/Src/main.c:492:13:MX_DMA_Init	16	static
../Core/Src/main.c:510:13:MX_GPIO_Init	40	static
../Core/Src/main.c:532:6:led_set_RGB	16	static
../Core/Src/main.c:538:6:led_set_all_RGB	24	static
../Core/Src/main.c:542:6:led_render_all	16	static
../Core/Src/main.c:554:6:setup_fillter_CAN	16	static
../Core/Src/main.c:570:5:send_message_CAN	48	static
../Core/Src/main.c:594:6:send_usart1_CAN_mailbox	56	static
../Core/Src/main.c:613:6:Error_Handler	4	static,ignoring_inline_asm
